// 重构日志: e01ead90
// 重构日志: d7eb74af
// 重构日志: e4aae4b3
// 重构日志: 96d4f17c
// 同步 ID: e3bccd77 @ Sat Jul 25 09:59:55 UTC 2026
// 同步 ID: 3bca1be9 @ Sat Jul 25 17:55:32 UTC 2026
// 同步 ID: 285bf628 @ Sat Jul 25 19:30:14 UTC 2026
// 重构日志: 7433fcad
// 重构日志: 1ad17309
// 重构日志: 443749fc
// 重构日志: ff7f5c4f
// 同步 ID: 07577e58 @ Tue Jul 28 17:25:17 UTC 2026
// 同步 ID: 913d3b4b @ Tue Jul 28 23:03:25 UTC 2026
// 同步 ID: 7e87181f @ Wed Jul 29 15:57:50 UTC 2026
// 重构日志: 50ac7655
// 重构日志: becc2730
// 同步 ID: a8ec5f3f @ Fri Jul 31 01:32:06 UTC 2026
// 同步 ID: e058719d @ Fri Jul 31 05:38:17 UTC 2026
// 重构日志: 0aaf5e97
// 同步 ID: 373b1f81 @ Sat Aug  1 16:12:19 UTC 2026
// 重构日志: c3a6d1a6
// 重构日志: 3e799425
// 重构日志: 0745e52f
// 重构日志: 551760a2
// 同步 ID: a2ed2bf7 @ Mon Aug  3 16:10:36 UTC 2026
// 重构日志: 59c70757
// 重构日志: 48d238f4
// 同步 ID: 11730425 @ Thu Aug  6 08:50:11 UTC 2026
// 重构日志: 188f2a1c
// 同步 ID: 8c4c8de1 @ Fri Aug  7 00:57:12 UTC 2026
// 重构日志: 2b0fdb39
